// Jest Snapshot v1, https://goo.gl/fbAQLP

exports[`balance-item component 1`] = `
<DocumentFragment>
  .emotion-0 {
  display: -webkit-box;
  display: -webkit-flex;
  display: -ms-flexbox;
  display: flex;
  -webkit-flex-direction: row;
  -ms-flex-direction: row;
  flex-direction: row;
  width: 300px;
}

<section
    class="emotion-0"
  >
    <span>
      Category Categoria 1 =&gt;
    </span>
    <span>
      34.6
    </span>
  </section>
</DocumentFragment>
`;
